// Jest Snapshot v1, https://goo.gl/fbAQLP

exports[` Details Component Snapshot 1`] = `
<h1>
  Loading...
</h1>
`;
